Core dump limits :
	soft - 0
	hard - NONE
Checking that ptrace can change system call numbers...OK
Checking syscall emulation patch for ptrace...OK
Checking advanced syscall emulation patch for ptrace...OK
Checking environment variables for a tempdir...none found
Checking if /dev/shm is on tmpfs...OK
Checking PROT_EXEC mmap in /dev/shm...OK
Adding 22708224 bytes to physical memory to account for exec-shield gap
Linux version 5.7.14-g10be0930d (am@ubuntu) (gcc version 7.5.0 (Ubuntu 7.5.0-3ubuntu1~18.04), GNU ld (GNU Binutils for Ubuntu) 2.30) #4 Tue Aug 18 14:35:45 IST 2020
Built 1 zonelists, mobility grouping on.  Total pages: 264028
Kernel command line: mem=1G root=98:0
Dentry cache hash table entries: 262144 (order: 9, 2097152 bytes, linear)
Inode-cache hash table entries: 131072 (order: 8, 1048576 bytes, linear)
mem auto-init: stack:off, heap alloc:off, heap free:off
Memory: 1027700K/1070752K available (1829K kernel code, 517K rwdata, 404K rodata, 97K init, 213K bss, 43052K reserved, 0K cma-reserved)
SLUB: HWalign=64, Order=0-3, MinObjects=0, CPUs=1, Nodes=1
NR_IRQS: 16
clocksource: timer: mask: 0xffffffffffffffff max_cycles: 0x1cd42e205, max_idle_ns: 881590404426 ns
Calibrating delay loop... 1242.72 BogoMIPS (lpj=6213632)
pid_max: default: 32768 minimum: 301
Mount-cache hash table entries: 4096 (order: 3, 32768 bytes, linear)
Mountpoint-cache hash table entries: 4096 (order: 3, 32768 bytes, linear)
Checking that host ptys support output SIGIO...Yes
Checking that host ptys support SIGIO on close...No, enabling workaround
clocksource: jiffies: mask: 0xffffffff max_cycles: 0xffffffff, max_idle_ns: 19112604462750000 ns
futex hash table entries: 256 (order: 0, 6144 bytes, linear)
clocksource: Switched to clocksource timer
printk: console [stderr0] disabled
mconsole (version 2) initialized on /home/am/.uml/PYpldX/mconsole
Checking host MADV_REMOVE support...OK
workingset: timestamp_bits=62 max_order=18 bucket_order=0
Block layer SCSI generic (bsg) driver version 0.4 loaded (major 254)
io scheduler mq-deadline registered
io scheduler kyber registered
Initialized stdio console driver
Using a channel type which is configured out of UML
setup_one_line failed for device 1 : Configuration failed
Using a channel type which is configured out of UML
setup_one_line failed for device 2 : Configuration failed
Using a channel type which is configured out of UML
setup_one_line failed for device 3 : Configuration failed
Using a channel type which is configured out of UML
setup_one_line failed for device 4 : Configuration failed
Using a channel type which is configured out of UML
setup_one_line failed for device 5 : Configuration failed
Using a channel type which is configured out of UML
setup_one_line failed for device 6 : Configuration failed
Using a channel type which is configured out of UML
setup_one_line failed for device 7 : Configuration failed
Using a channel type which is configured out of UML
setup_one_line failed for device 8 : Configuration failed
Using a channel type which is configured out of UML
setup_one_line failed for device 9 : Configuration failed
Using a channel type which is configured out of UML
setup_one_line failed for device 10 : Configuration failed
Using a channel type which is configured out of UML
setup_one_line failed for device 11 : Configuration failed
Using a channel type which is configured out of UML
setup_one_line failed for device 12 : Configuration failed
Using a channel type which is configured out of UML
setup_one_line failed for device 13 : Configuration failed
Using a channel type which is configured out of UML
setup_one_line failed for device 14 : Configuration failed
Using a channel type which is configured out of UML
setup_one_line failed for device 15 : Configuration failed
Console initialized on /dev/tty0
printk: console [tty0] enabled
printk: console [mc-1] enabled
random: get_random_bytes called from init_oops_id+0x35/0x40 with crng_init=0
TAP version 14
    # Subtest: kunit-try-catch-test
    1..2
    ok 1 - kunit_test_try_catch_successful_try_no_catch
    ok 2 - kunit_test_try_catch_unsuccessful_try_does_catch
ok 1 - kunit-try-catch-test
    # Subtest: kunit-resource-test
    1..5
    ok 1 - kunit_resource_test_init_resources
    ok 2 - kunit_resource_test_alloc_resource
    ok 3 - kunit_resource_test_destroy_resource
    ok 4 - kunit_resource_test_cleanup_resources
    ok 5 - kunit_resource_test_proper_free_ordering
ok 2 - kunit-resource-test
    # Subtest: kunit-log-test
    1..1
put this in log.
this too.
add to suite log.
along with this.
    ok 1 - kunit_log_test
ok 3 - kunit-log-test
    # Subtest: string-stream-test
    1..3
    ok 1 - string_stream_test_empty_on_creation
    ok 2 - string_stream_test_not_empty_after_add
    ok 3 - string_stream_test_get_string
ok 4 - string-stream-test
    # Subtest: example
    1..1
    # example_simple_test: initializing
    ok 1 - example_simple_test
ok 5 - example
    # Subtest: misc-example
    1..1
    ok 1 - misc_example_add_test_basic
ok 6 - misc-example
epollctl add err fd 1, Operation not permitted
List of all partitions:
No filesystem could mount root, tried: 

Kernel panic - not syncing: VFS: Unable to mount root fs on unknown-block(98,0)
CPU: 0 PID: 1 Comm: swapper Not tainted 5.7.14-g10be0930d #4
Stack:
 60219d60 601ce930 a01bb000 a01bb000
 60219d60 600620dc a01bb000 6002d06b
 a01bb000 a01bb000 600620dc 3000000010
Call Trace:
 [<60023845>] ? os_is_signal_stack+0x15/0x30
 [<600620dc>] ? printk+0x0/0x9b
 [<60017dce>] ? show_stack+0xbe/0x1b0
 [<601ce930>] ? strlen+0x0/0x30
 [<600620dc>] ? printk+0x0/0x9b
 [<6002d06b>] ? panic+0x181/0x386
 [<600620dc>] ? printk+0x0/0x9b
 [<601ce770>] ? strchr+0x0/0x30
 [<6002ceea>] ? panic+0x0/0x386
 [<60001cf2>] ? do_one_initcall+0x0/0x19c
 [<601ce2e0>] ? strcpy+0x0/0x30
 [<600c2275>] ? __alloc_pages_nodemask+0xe5/0x1f0
 [<601239d0>] ? fsnotify+0x0/0x3b0
 [<6000c9f6>] ? get_filesystem_list+0x6f/0x85
 [<600620dc>] ? printk+0x0/0x9b
 [<601ce930>] ? strlen+0x0/0x30
 [<601ce770>] ? strchr+0x0/0x30
 [<600025dd>] ? mount_block_root+0x3ca/0x3ea
 [<601ce720>] ? strncmp+0x0/0x50
 [<601ce720>] ? strncmp+0x0/0x50
 [<60001cf2>] ? do_one_initcall+0x0/0x19c
 [<601ce2e0>] ? strcpy+0x0/0x30
 [<6000284e>] ? prepare_namespace+0x1a0/0x1e8
 [<60001cf2>] ? do_one_initcall+0x0/0x19c
 [<60002118>] ? kernel_init_freeable+0x28a/0x299
 [<600620dc>] ? printk+0x0/0x9b
 [<601d8616>] ? kernel_init+0x26/0x160
 [<60016752>] ? new_thread_handler+0x82/0xc0

